 
git checkout -b gh-pages

git status
git add index.html
 git commit -m "index commit"

git push origin gh-pages

git status


(update deleted files)
git ls-files --deleted -z | xargs -0 git rm 


( commit history)
$ git log




##########################################################

users-MacBook-Pro:comverse user$ git checkout -b gh-pages
M	index.html
Switched to a new branch 'gh-pages'
users-MacBook-Pro:comverse user$ git status
# On branch gh-pages
# Changes not staged for commit:
#   (use "git add <file>..." to update what will be committed)
#   (use "git checkout -- <file>..." to discard changes in working directory)
#
#	modified:   index.html
#
no changes added to commit (use "git add" and/or "git commit -a")
users-MacBook-Pro:comverse user$ git add index.html
users-MacBook-Pro:comverse user$ git commit -m "index commit"
[gh-pages e695201] index commit
 Committer: Ezza <user@users-MacBook-Pro.local>
Your name and email address were configured automatically based
on your username and hostname. Please check that they are accurate.
You can suppress this message by setting them explicitly:

    git config --global user.name "Your Name"
    git config --global user.email you@example.com

After doing this, you may fix the identity used for this commit with:

    git commit --amend --reset-author

 1 file changed, 1 insertion(+), 1 deletion(-)
users-MacBook-Pro:comverse user$ git push origin gh-pages
error: git-credential-osxkeychain died of signal 11
Username for 'https://github.com': ezza23
Password for 'https://ezza23@github.com': 
error: git-credential-osxkeychain died of signal 11
Counting objects: 5, done.
Delta compression using up to 4 threads.
Compressing objects: 100% (3/3), done.
Writing objects: 100% (3/3), 290 bytes | 0 bytes/s, done.
Total 3 (delta 2), reused 0 (delta 0)
To https://github.com/ezza23/comverse.git
   8beb3f0..e695201  gh-pages -> gh-pages
users-MacBook-Pro:comverse user$ 
users-MacBook-Pro:comverse user$ 
users-MacBook-Pro:comverse user$ 
users-MacBook-Pro:comverse user$ 
users-MacBook-Pro:comverse user$ 
users-MacBook-Pro:comverse user$ git status
# On branch gh-pages
nothing to commit, working directory clean
users-MacBook-Pro:comverse user$ git status
# On branch gh-pages
nothing to commit, working directory clean
